numbers = [
    0,
    11,
    123.456,
    123.,
    0.456,
    1.23e45,
    -1,
    +1,
    0.0,
    -0.0,
    1.0,
    -1.0,
    +1.0,
    1e6,
    -1e6,
    -1.23e-45,
    3.539537889086625e24,
    3.539537889086625e24,
    3.539537889086625e24000,
    3.539537889086625e24000,
    3539537889086624823140625,
    0x123,
    0xE45,
    0xe45,
]
