JAVA_FILES = [
    "Foo.java",
    "Bar.java",
    "Baz.java",
    "Quux.java",
]
