cc_library(
    name = "abc",
    srcs = ["abc.cc"],
    deps = [
        ".zzz",
        " zzz",
        "!zzz",
        "\"zzz",
        "#zzz",
        "$zzz",
        "%zzz",
        "&zzz",
        "'zzz",
        "(zzz",
        ")zzz",
        "*zzz",
        "+zzz",
        ",zzz",
        "-zzz",
        "/zzz",
        "0zzz",
        "123",
        "1zzz",
        "2zzz",
        "3zzz",
        "4zzz",
        "5zzz",
        "6zzz",
        "7zzz",
        "8zzz",
        "9zzz",
        ";zzz",
        "<zzz",
        "=zzz",
        ">zzz",
        "?zzz",
        "Azzz",
        "Bzzz",
        "Czzz",
        "Dzzz",
        "Ezzz",
        "FOO",
        "Fzzz",
        "Gzzz",
        "Hzzz",
        "Izzz",
        "Jzzz",
        "Kzzz",
        "Lzzz",
        "Mzzz",
        "Nzzz",
        "Ozzz",
        "Pzzz",
        "Qzzz",
        "Rzzz",
        "Szzz",
        "Tzzz",
        "Uzzz",
        "Vzzz",
        "Wzzz",
        "Xzzz",
        "Yzzz",
        "Zzzz",
        "[zzz",
        "\\zzz",
        "]zzz",
        "^zzz",
        "_zzz",
        "`zzz",
        "azzz",
        "bzzz",
        "czzz",
        "dzzz",
        "ezzz",
        "foo",
        "fzzz",
        "gzzz",
        "hzzz",
        "izzz",
        "jzzz",
        "kzzz",
        "lzzz",
        "mzzz",
        "nzzz",
        "ozzz",
        "pzzz",
        "qzzz",
        "rzzz",
        "szzz",
        "tzzz",
        "uzzz",
        "vzzz",
        "wzzz",
        "xzzz",
        "yzzz",
        "zzz.",
        "zzz:",
        "zzz ",
        "zzz!",
        "zzz#",
        "zzz$",
        "zzz%",
        "zzz&",
        "zzz'",
        "zzz(",
        "zzz)",
        "zzz*",
        "zzz+",
        "zzz,",
        "zzz-",
        "zzz/",
        "zzz0",
        "zzz1",
        "zzz2",
        "zzz3",
        "zzz4",
        "zzz5",
        "zzz6",
        "zzz7",
        "zzz8",
        "zzz9",
        "zzz;",
        "zzz<",
        "zzz=",
        "zzz>",
        "zzz?",
        "zzz@",
        "zzzA",
        "zzzB",
        "zzzC",
        "zzzD",
        "zzzE",
        "zzzF",
        "zzzG",
        "zzzH",
        "zzzI",
        "zzzJ",
        "zzzK",
        "zzzL",
        "zzzM",
        "zzzN",
        "zzzO",
        "zzzP",
        "zzzQ",
        "zzzR",
        "zzzS",
        "zzzT",
        "zzzU",
        "zzzV",
        "zzzW",
        "zzzX",
        "zzzY",
        "zzzZ",
        "zzz[",
        "zzz\\",
        "zzz]",
        "zzz^",
        "zzz_",
        "zzz`",
        "zzza",
        "zzzb",
        "zzzc",
        "zzzd",
        "zzze",
        "zzzf",
        "zzzg",
        "zzzh",
        "zzzi",
        "zzzj",
        "zzzk",
        "zzzl",
        "zzzm",
        "zzzn",
        "zzzo",
        "zzzp",
        "zzzq",
        "zzzr",
        "zzzs",
        "zzzt",
        "zzzu",
        "zzzv",
        "zzzw",
        "zzzx",
        "zzzy",
        "zzzz",
        "zzz{",
        "zzz|",
        "zzz}",
        "zzz~",
        "{asdf}",
        "{zzz",
        "|zzz",
        "}zzz",
        "~zzz",
        ":a",
        ":zzz",
        "//a",
        "//a:b",
        "//a.zzz",
        "//a:zzz",
        "//a zzz",
        "//a!zzz",
        "//a#zzz",
        "//a$zzz",
        "//a%zzz",
        "//a&zzz",
        "//a'zzz",
        "//a(zzz",
        "//a)zzz",
        "//a*zzz",
        "//a+zzz",
        "//a,zzz",
        "//a-zzz",
        "//a/b",
        "//a/b:c",
        "//a/b:d",
        "//a/b/c",
        "//a/b/c:d",
        "//a/zzz",
        "//a0zzz",
        "//a1zzz",
        "//a2",
        "//a2:a",
        "//a2:b",
        "//a2zzz",
        "//a3zzz",
        "//a4zzz",
        "//a5zzz",
        "//a6zzz",
        "//a7zzz",
        "//a8zzz",
        "//a9zzz",
        "//a;zzz",
        "//a<zzz",
        "//a=zzz",
        "//a>zzz",
        "//a?zzz",
        "//a@zzz",
        "//aAzzz",
        "//aBzzz",
        "//aCzzz",
        "//aDzzz",
        "//aEzzz",
        "//aFzzz",
        "//aGzzz",
        "//aHzzz",
        "//aIzzz",
        "//aJzzz",
        "//aKzzz",
        "//aLzzz",
        "//aMzzz",
        "//aNzzz",
        "//aOzzz",
        "//aPzzz",
        "//aQzzz",
        "//aRzzz",
        "//aSzzz",
        "//aTzzz",
        "//aUzzz",
        "//aVzzz",
        "//aWzzz",
        "//aXzzz",
        "//aYzzz",
        "//aZzzz",
        "//a[zzz",
        "//a\\zzz",
        "//a]zzz",
        "//a^zzz",
        "//a_zzz",
        "//a`zzz",
        "//aazzz",
        "//abzzz",
        "//aczzz",
        "//adzzz",
        "//aezzz",
        "//afzzz",
        "//agzzz",
        "//ahzzz",
        "//aizzz",
        "//ajzzz",
        "//akzzz",
        "//alzzz",
        "//amzzz",
        "//anzzz",
        "//aozzz",
        "//apzzz",
        "//aqzzz",
        "//arzzz",
        "//aszzz",
        "//atzzz",
        "//auzzz",
        "//avzzz",
        "//awzzz",
        "//axzzz",
        "//ayzzz",
        "//azzz",
        "//azzzz",
        "//a{zzz",
        "//a|zzz",
        "//a}zzz",
        "//a~zzz",
        "@abc",
        "@abc//:xyz",
        "@abc//foo",
        "@zzz",
    ],
)
