manifest = [
    # buildifier: table sort 1
    ("",      "",      ""),
    ("a",     "b",     "c"),
    ("ab",    "bc",    "cd"),
]
