# Test sorting of call arguments.

foo(
    name = "t",
    a = 0,
    z = 1,
)

foo.bar.baz(
    name = "x",
    a = 3,
    b = 1,
    c = 0,
    d = 2,
)

baz(
    name = "y",
    c = foo.bar(
        "positional1",
        42,
        a = 3,
        b = 1,
        c = 0,
        d = 2,
    ),
)

foo.bar(
    a = 2,
    z = 1,
).bar(
    name = "z",
    a = 3,
    b = 1,
    c = 0,
    d = 2,
)
