manifest = [
    # buildifier: table
    ("",                        "",      ""),
    ("ab",                      "bc",    "cd"),
    ("aaaaaaaaaaaaaaaaaaaa",    "b",     "c"),
]
