manifest = [
    # buildifier: table sort 2
    ("",      "",                   ""),
    ("a",     "b",                  "c"),
    ("ab",    "bc",                 "cd"),
    ("ss",    "sssdsssssssdsss",    "a"),
]
