manifest = [
    # buildifier: table sort 1
    ("a",     "b",     "cc"),
    ("ab",    "bc",    "cd"),
    ("ab",    "b",     "ff"),
]
